{
  "app_id": "sazwW",
  "api_token": "13f327e891ad45858949004eb755b9f1",
  "ndk_enabled": true,
  "sdk_config": {
    "anr": {
      "capture_google": true,
      "new_attribute": "false"
    },
    "newConfig": {
      "test_config": 5,
      "test_config_2": "false",
      "test_config_3": true
    },
    "crash_handler": {
      "enabled": true
    },
    "base_urls": {
      "config.REMOVE_THIS_TO_SET": "http://YOUR_LOCAL_IP_HERE:23002",
      "data.REMOVE_THIS_TO_SET": "http://YOUR_LOCAL_IP_HERE:24000",
      "data_dev.REMOVE_THIS_TO_SET": "http://YOUR_LOCAL_IP_HERE:24001",
      "images.REMOVE_THIS_TO_SET": "http://YOUR_LOCAL_IP_HERE:24000"
    },
    "networking": {
      "capture_request_content_length": false
    },
    "session": {
      "async_end": true,
      "max_session_seconds": 60
    },
    "startup_moment": {
      "automatically_end.REMOVE_THIS_TO_SET": "123",
      "automatically_end": false,
      "take_screenshot": false
    },
    "taps": {
      "capture_coordinates": false
    }
  }
}