<?xml version="1.0" encoding="utf-8"?>
<resources xmlns:tools="http://schemas.android.com/tools">
<!--This file is automatically generated by Embrace-->
    <string name="emb_ndk_symbols">eyJzeW1ib2xzIjp7ImFybWVhYmktdjdhIjp7ImxpYmVtYi1kb251dHMuc28iOiI1ZDgxMTAwYzUxYWRkYjU3MjY0NDgwNzFhMjk0N2JjY2U2YzMyZTJjIiwibGliZW1iLWNyaXNwcy5zbyI6ImNhNDg5NTYyODIxMzEwNDIzNzExYjY4Nzg4N2Y1Y2EzMzNiN2ZkNjkifSwieDg2Ijp7ImxpYmVtYi1kb251dHMuc28iOiIxMWUxYzNjYzM5ZmM1MDZkMDZmY2RiNzViYjRkMDA1MzQ1YWJhOTVlIiwibGliZW1iLWNyaXNwcy5zbyI6ImFjZTM3NTVlMjFjNjk2MWU5YzNlMzI5MjE2ZWViNzMzMzg0MDA3NGIifSwiYXJtNjQtdjhhIjp7ImxpYmVtYi1kb251dHMuc28iOiJiNTY1MmM1OTdhYmVlYWI5YTRhMmJmYTU3NzlmYzNkNDFhNzkyMGZlIiwibGliZW1iLWNyaXNwcy5zbyI6IjI5ZmU5YmE5YzkwNWI2Y2EwMzU3ODYyZDNiYjQ3MmQ4ZDE4NzgxNTkifSwieDg2XzY0Ijp7ImxpYmVtYi1kb251dHMuc28iOiI2MDFiOTAxYWU1ZGMxZWQxNDhhM2YwMWNlZjExM2YwZTdkZGJmM2NhIiwibGliZW1iLWNyaXNwcy5zbyI6IjIzMTMyNDJmYTBhNDY0ZjFkOTEwNWE4N2NhZTZmY2ViYzNhY2JkZWMifX19</string>
</resources>
