{
  "s": {
    "id": "fake-activity",
    "st": 0,
    "sn": 1,
    "ty": "en",
    "as": "background",
    "cs": false,
    "sm": "s"
  },
  "u": {
    "id": "fake-user-id"
  },
  "a": {
    "v": "fake-app-id"
  },
  "d": {
    "dm": "fake-manufacturer"
  },
  "p": {
    "ds": {
      "as": 1,
      "fs": 2
    }
  },
  "br": {
  },
  "spans": [
    {
      "trace_id": "fake-span-id",
      "span_id": "",
      "parent_span_id": "",
      "name": "",
      "start_time_unix_nano": 0,
      "end_time_unix_nano": 0,
      "status": "OK",
      "events": [],
      "attributes": {}
    }
  ],
  "v": 13
}