{
  "id": "fake-session-id",
  "st": 123456789,
  "as": "foreground",
  "et": 987654321,
  "sn": 5,
  "ty": "fake-message-type",
  "ht": 123456780,
  "cs": true,
  "ss": [
    "fake-event-id"
  ],
  "il": [
    "fake-info-id"
  ],
  "wl": [
    "fake-warn-id"
  ],
  "el": [
    "fake-err-id"
  ],
  "lic": 1,
  "lwc": 2,
  "lec": 3,
  "ri": "fake-crash-id",
  "em": "bs",
  "sm": "bs",
  "sp": {
    "fake-key": "fake-value"
  },
  "ue": 1
}