{
  "vb": [
    {
      "vn": "View",
      "st": 1600000000
    }
  ],
  "tb": [
    {
      "tl": "0,0",
      "tt": "Tap",
      "ts": 1600000000,
      "t": "s"
    }
  ],
  "wv": [
    {
      "u": "WebView",
      "st": 1600000000
    }
  ],
  "rna": [
    {
      "n": "RnAction",
      "st": 1600000000,
      "en": 1600005000,
      "p": {},
      "pz": 0,
      "o": "output"
    }
  ],
  "pn": [
    {
      "ti": "PushNotification",
      "bd": "body",
      "tp": "from",
      "id": "id",
      "ts": 1600000000
    }
  ]
}