{
  "dm": "samsung",
  "do": "S20",
  "da": "armeabi",
  "jb": false,
  "lc": "en-US",
  "ms": 150982302,
  "os": "android",
  "ov": "10.2.1",
  "oc": 29,
  "sr": "1080x720",
  "tz": "GMT+1",
  "nc": 8
}
