{"app_version":"1.0.0","app_framework":1,"build_id":"1234","app_ecosystem_id":"com.embrace.fake","build_type":"release","build_flavor":"demo","environment":"prod","bundle_version":"1","sdk_version":"5.11.0","sdk_simple_version":5,"react_native_bundle_id":"fba09c9f","javascript_patch_number":"53","hosted_platform_version":"2019","hosted_sdk_version":"1.0.0","unity_build_id":"1234","device_manufacturer":"Google","device_model":"Pixel 4","device_architecture":"arm64-v8a","jailbroken":false,"disk_total_capacity":1000000000,"os_type":"linux","os_name":"android","os_version":"11","os_code":"30","screen_resolution":"1080x1920","num_cores":8}
