{
  "ds": {
    "as": 10000000,
    "fs": 2000000
  },
  "ns": [],
  "ga": [],
  "aei": [],
  "nst": [],
  "nr": {
    "v2": {
      "r": [],
      "c": {}
    }
  },
  "rms": []
}
