// class version 55.0 (55)
// access flags 0x21
public class io/embrace/test/fixtures/ActivityOnClickListener extends androidx/appcompat/app/AppCompatActivity implements android/view/View$OnClickListener {

  // compiled from: ActivityOnClickListener.java
  // access flags 0x609
  public static abstract INNERCLASS android/view/View$OnClickListener android/view/View OnClickListener

  // access flags 0x1
  public <init>()V
   L0
    LINENUMBER 10 L0
    ALOAD 0
    INVOKESPECIAL androidx/appcompat/app/AppCompatActivity.<init> ()V
    RETURN
   L1
    LOCALVARIABLE this Lio/embrace/test/fixtures/ActivityOnClickListener; L0 L1 0
    MAXSTACK = 1
    MAXLOCALS = 1

  // access flags 0x1
  public onClick(Landroid/view/View;)V
    ALOAD 0
    ALOAD 1
    INVOKESTATIC io/embrace/android/embracesdk/internal/instrumentation/bytecode/OnClickBytecodeEntrypoint.onClick (Landroid/view/View$OnClickListener;Landroid/view/View;)V
   L0
    LINENUMBER 14 L0
    RETURN
   L1
    LOCALVARIABLE this Lio/embrace/test/fixtures/ActivityOnClickListener; L0 L1 0
    LOCALVARIABLE view Landroid/view/View; L0 L1 1
    MAXSTACK = 0
    MAXLOCALS = 2
}
