// class version 55.0 (55)
// access flags 0x20
class io/embrace/test/fixtures/AnonInnerClassOnClickListener$1 implements android/view/View$OnClickListener {

  // compiled from: AnonInnerClassOnClickListener.java
  NESTHOST io/embrace/test/fixtures/AnonInnerClassOnClickListener
  OUTERCLASS io/embrace/test/fixtures/AnonInnerClassOnClickListener setupListeners ()V
  // access flags 0x0
  INNERCLASS io/embrace/test/fixtures/AnonInnerClassOnClickListener$1 null null
  // access flags 0x609
  public static abstract INNERCLASS android/view/View$OnClickListener android/view/View OnClickListener

  // access flags 0x1010
  final synthetic Lio/embrace/test/fixtures/AnonInnerClassOnClickListener; this$0

  // access flags 0x0
  <init>(Lio/embrace/test/fixtures/AnonInnerClassOnClickListener;)V
   L0
    LINENUMBER 10 L0
    ALOAD 0
    ALOAD 1
    PUTFIELD io/embrace/test/fixtures/AnonInnerClassOnClickListener$1.this$0 : Lio/embrace/test/fixtures/AnonInnerClassOnClickListener;
    ALOAD 0
    INVOKESPECIAL java/lang/Object.<init> ()V
    RETURN
   L1
    LOCALVARIABLE this Lio/embrace/test/fixtures/AnonInnerClassOnClickListener$1; L0 L1 0
    LOCALVARIABLE this$0 Lio/embrace/test/fixtures/AnonInnerClassOnClickListener; L0 L1 1
    MAXSTACK = 2
    MAXLOCALS = 2

  // access flags 0x1
  public onClick(Landroid/view/View;)V
    ALOAD 1
    INVOKESTATIC io/embrace/android/embracesdk/internal/instrumentation/bytecode/OnClickBytecodeEntrypoint.onClick (Landroid/view/View;)V
   L0
    LINENUMBER 14 L0
    RETURN
   L1
    LOCALVARIABLE this Lio/embrace/test/fixtures/AnonInnerClassOnClickListener$1; L0 L1 0
    LOCALVARIABLE view Landroid/view/View; L0 L1 1
    MAXSTACK = 0
    MAXLOCALS = 2
}
