// class version 55.0 (55)
// access flags 0x21
public class io/embrace/test/fixtures/ExtendedOnLongClickListener extends io/embrace/test/fixtures/CustomOnLongClickListener {

  // compiled from: ExtendedOnLongClickListener.java

  // access flags 0x1
  public <init>()V
   L0
    LINENUMBER 13 L0
    ALOAD 0
    INVOKESPECIAL io/embrace/test/fixtures/CustomOnLongClickListener.<init> ()V
    RETURN
   L1
    LOCALVARIABLE this Lio/embrace/test/fixtures/ExtendedOnLongClickListener; L0 L1 0
    MAXSTACK = 1
    MAXLOCALS = 1

  // access flags 0x1
  public onLongClick(Landroid/view/View;)Z
    // annotable parameter count: 1 (invisible)
    @Landroidx/annotation/Nullable;() // invisible, parameter 0
    ALOAD 0
    ALOAD 1
    INVOKESTATIC io/embrace/android/embracesdk/ViewSwazzledHooks$OnLongClickListener._preOnLongClick (Landroid/view/View$OnLongClickListener;Landroid/view/View;)V
   L0
    LINENUMBER 17 L0
    ALOAD 1
    INVOKEVIRTUAL android/view/View.isEnabled ()Z
    IFEQ L1
   L2
    LINENUMBER 18 L2
    LDC "EmbraceTest"
    LDC "Clicked a button"
    INVOKESTATIC android/util/Log.d (Ljava/lang/String;Ljava/lang/String;)I
    POP
   L1
    LINENUMBER 20 L1
   FRAME FULL [io/embrace/test/fixtures/ExtendedOnLongClickListener android/view/View] []
    ALOAD 0
    ALOAD 1
    INVOKESPECIAL io/embrace/test/fixtures/CustomOnLongClickListener.onLongClick (Landroid/view/View;)Z
    IRETURN
   L3
    LOCALVARIABLE this Lio/embrace/test/fixtures/ExtendedOnLongClickListener; L0 L3 0
    LOCALVARIABLE view Landroid/view/View; L0 L3 1
    MAXSTACK = 2
    MAXLOCALS = 2

  // access flags 0x2
  private doSomething()I
   L0
    LINENUMBER 24 L0
    LDC 1088681
    IRETURN
   L1
    LOCALVARIABLE this Lio/embrace/test/fixtures/ExtendedOnLongClickListener; L0 L1 0
    MAXSTACK = 1
    MAXLOCALS = 1
}
