// class version 55.0 (55)
// access flags 0x21
public class io/embrace/test/fixtures/JavaNested$JavaInnerListener implements android/view/View$OnClickListener {

  // compiled from: JavaNested.java
  NESTHOST io/embrace/test/fixtures/JavaNested
  // access flags 0x1
  public INNERCLASS io/embrace/test/fixtures/JavaNested$JavaInnerListener io/embrace/test/fixtures/JavaNested JavaInnerListener
  // access flags 0x609
  public static abstract INNERCLASS android/view/View$OnClickListener android/view/View OnClickListener

  // access flags 0x1010
  final synthetic Lio/embrace/test/fixtures/JavaNested; this$0

  // access flags 0x1
  public <init>(Lio/embrace/test/fixtures/JavaNested;)V
   L0
    LINENUMBER 11 L0
    ALOAD 0
    ALOAD 1
    PUTFIELD io/embrace/test/fixtures/JavaNested$JavaInnerListener.this$0 : Lio/embrace/test/fixtures/JavaNested;
    ALOAD 0
    INVOKESPECIAL java/lang/Object.<init> ()V
    RETURN
   L1
    LOCALVARIABLE this Lio/embrace/test/fixtures/JavaNested$JavaInnerListener; L0 L1 0
    LOCALVARIABLE this$0 Lio/embrace/test/fixtures/JavaNested; L0 L1 1
    MAXSTACK = 2
    MAXLOCALS = 2

  // access flags 0x1
  public onClick(Landroid/view/View;)V
    ALOAD 0
    ALOAD 1
    INVOKESTATIC io/embrace/android/embracesdk/internal/instrumentation/bytecode/OnClickBytecodeEntrypoint.onClick (Landroid/view/View$OnClickListener;Landroid/view/View;)V
   L0
    LINENUMBER 15 L0
    RETURN
   L1
    LOCALVARIABLE this Lio/embrace/test/fixtures/JavaNested$JavaInnerListener; L0 L1 0
    LOCALVARIABLE view Landroid/view/View; L0 L1 1
    MAXSTACK = 0
    MAXLOCALS = 2
}
