// class version 55.0 (55)
// access flags 0x30
final class io/embrace/test/fixtures/KotlinMethodRef2OnClickListener$sam$android_view_View_OnClickListener$0 implements android/view/View$OnClickListener {

  // compiled from: KotlinMethodRef2OnClickListener.kt

  @Lkotlin/Metadata;(mv={1, 4, 2}, bv={1, 0, 3}, k=3)

  // access flags 0x1012
  private final synthetic Lkotlin/jvm/functions/Function1; function

  // access flags 0x0
  <init>(Lkotlin/jvm/functions/Function1;)V
    ALOAD 0
    INVOKESPECIAL java/lang/Object.<init> ()V
    ALOAD 0
    ALOAD 1
    PUTFIELD io/embrace/test/fixtures/KotlinMethodRef2OnClickListener$sam$android_view_View_OnClickListener$0.function : Lkotlin/jvm/functions/Function1;
    RETURN
    MAXSTACK = 2
    MAXLOCALS = 2

  // access flags 0x1011
  public final synthetic onClick(Landroid/view/View;)V
    ALOAD 0
    ALOAD 1
    INVOKESTATIC io/embrace/android/embracesdk/internal/instrumentation/bytecode/OnClickBytecodeEntrypoint.onClick (Landroid/view/View$OnClickListener;Landroid/view/View;)V
   L0
    ALOAD 0
    GETFIELD io/embrace/test/fixtures/KotlinMethodRef2OnClickListener$sam$android_view_View_OnClickListener$0.function : Lkotlin/jvm/functions/Function1;
    ALOAD 1
    INVOKEINTERFACE kotlin/jvm/functions/Function1.invoke (Ljava/lang/Object;)Ljava/lang/Object; (itf)
    DUP
    LDC "invoke(...)"
    INVOKESTATIC kotlin/jvm/internal/Intrinsics.checkNotNullExpressionValue (Ljava/lang/Object;Ljava/lang/String;)V
    POP
    RETURN
   L1
    LOCALVARIABLE this Landroid/view/View$OnClickListener; L0 L1 0
    LOCALVARIABLE p0 Landroid/view/View; L0 L1 1
    MAXSTACK = 3
    MAXLOCALS = 2
}
