// class version 55.0 (55)
// access flags 0x31
public final class io/embrace/test/fixtures/KotlinObjectOnClickListener$onCreateView$1 implements android/view/View$OnClickListener {

  // compiled from: KotlinObjectOnClickListener.kt
  OUTERCLASS io/embrace/test/fixtures/KotlinObjectOnClickListener onCreateView (Landroid/view/LayoutInflater;Landroid/view/ViewGroup;Landroid/os/Bundle;)Landroid/view/View;

  @Lkotlin/Metadata;(mv={2, 1, 0}, k=1, xi=48, d1={"\u0000\u0017\n\u0000\n\u0002\u0018\u0002\n\u0000\n\u0002\u0010\u0002\n\u0000\n\u0002\u0018\u0002\n\u0000*\u0001\u0000\u0008\n\u0018\u00002\u00020\u0001J\u0012\u0010\u0002\u001a\u00020\u00032\u0008\u0010\u0004\u001a\u0004\u0018\u00010\u0005H\u0016\u00a8\u0006\u0006"}, d2={"io/embrace/test/fixtures/KotlinObjectOnClickListener$onCreateView$1", "Landroid/view/View$OnClickListener;", "onClick", "", "view", "Landroid/view/View;", "embrace-bytecode-instrumentation-tests_release"})
  // access flags 0x609
  public static abstract INNERCLASS android/view/View$OnClickListener android/view/View OnClickListener
  // access flags 0x19
  public final static INNERCLASS io/embrace/test/fixtures/KotlinObjectOnClickListener$onCreateView$1 null null

  // access flags 0x0
  <init>()V
   L0
    LINENUMBER 17 L0
    ALOAD 0
    INVOKESPECIAL java/lang/Object.<init> ()V
    RETURN
   L1
    LOCALVARIABLE this Lio/embrace/test/fixtures/KotlinObjectOnClickListener$onCreateView$1; L0 L1 0
    MAXSTACK = 1
    MAXLOCALS = 1

  // access flags 0x1
  public onClick(Landroid/view/View;)V
    ALOAD 0
    ALOAD 1
    INVOKESTATIC io/embrace/android/embracesdk/ViewSwazzledHooks$OnClickListener._preOnClick (Landroid/view/View$OnClickListener;Landroid/view/View;)V
   L0
    LINENUMBER 19 L0
    RETURN
   L1
    LOCALVARIABLE this Lio/embrace/test/fixtures/KotlinObjectOnClickListener$onCreateView$1; L0 L1 0
    LOCALVARIABLE view Landroid/view/View; L0 L1 1
    MAXSTACK = 0
    MAXLOCALS = 2
}
