// class version 55.0 (55)
// access flags 0x31
public final class io/embrace/test/fixtures/NoOverrideWebViewClient extends android/webkit/WebViewClient {

  // compiled from: NoOverrideWebViewClient.kt

  @Lkotlin/Metadata;(mv={1, 8, 0}, k=1, xi=48, d1={"\u0000\u000c\n\u0002\u0018\u0002\n\u0002\u0018\u0002\n\u0002\u0008\u0002\u0018\u00002\u00020\u0001B\u0005\u00a2\u0006\u0002\u0010\u0002\u00a8\u0006\u0003"}, d2={"Lio/embrace/test/fixtures/NoOverrideWebViewClient;", "Landroid/webkit/WebViewClient;", "()V", "embrace-bytecode-instrumentation-tests_release"})

  // access flags 0x1
  public <init>()V
   L0
    LINENUMBER 8 L0
    ALOAD 0
    INVOKESPECIAL android/webkit/WebViewClient.<init> ()V
    RETURN
   L1
    LOCALVARIABLE this Lio/embrace/test/fixtures/NoOverrideWebViewClient; L0 L1 0
    MAXSTACK = 1
    MAXLOCALS = 1

  // access flags 0x1
  public onPageStarted(Landroid/webkit/WebView;Ljava/lang/String;Landroid/graphics/Bitmap;)V
    ALOAD 1
    ALOAD 2
    ALOAD 3
    INVOKESTATIC io/embrace/android/embracesdk/WebViewClientSwazzledHooks._preOnPageStarted (Landroid/webkit/WebView;Ljava/lang/String;Landroid/graphics/Bitmap;)V
    ALOAD 0
    ALOAD 1
    ALOAD 2
    ALOAD 3
    INVOKESPECIAL android/webkit/WebViewClient.onPageStarted (Landroid/webkit/WebView;Ljava/lang/String;Landroid/graphics/Bitmap;)V
    RETURN
    MAXSTACK = 4
    MAXLOCALS = 0
}
