// class version 55.0 (55)
// access flags 0x31
public final class io/embrace/test/fixtures/TestApplication extends android/app/Application {

  // compiled from: TestApplication.kt

  @Lkotlin/Metadata;(mv={1, 8, 0}, k=1, xi=48, d1={"\u0000\u0012\n\u0002\u0018\u0002\n\u0002\u0018\u0002\n\u0002\u0008\u0002\n\u0002\u0010\u0002\n\u0000\u0018\u00002\u00020\u0001B\u0005\u00a2\u0006\u0002\u0010\u0002J\u0008\u0010\u0003\u001a\u00020\u0004H\u0016\u00a8\u0006\u0005"}, d2={"Lio/embrace/test/fixtures/TestApplication;", "Landroid/app/Application;", "()V", "onCreate", "", "embrace-bytecode-instrumentation-tests_release"})

  // access flags 0x1
  public <init>()V
   L0
    LINENUMBER 5 L0
    ALOAD 0
    INVOKESPECIAL android/app/Application.<init> ()V
    RETURN
   L1
    LOCALVARIABLE this Lio/embrace/test/fixtures/TestApplication; L0 L1 0
    MAXSTACK = 1
    MAXLOCALS = 1

  // access flags 0x1
  public onCreate()V
   L0
    LINENUMBER 7 L0
    ALOAD 0
    INVOKESPECIAL android/app/Application.onCreate ()V
   L1
    LINENUMBER 8 L1
    INVOKESTATIC io/embrace/android/embracesdk/internal/instrumentation/bytecode/ApplicationInitTimeBytecodeEntrypoint.applicationInitEnd ()V
    RETURN
   L2
    LOCALVARIABLE this Lio/embrace/test/fixtures/TestApplication; L0 L2 0
    MAXSTACK = 1
    MAXLOCALS = 1
}
