// class version 55.0 (55)
// access flags 0x21
public class io/embrace/test/fixtures/VirtualMethodRefNamedOnClick extends androidx/fragment/app/Fragment {

  // compiled from: VirtualMethodRefNamedOnClick.java
  // access flags 0x609
  public static abstract INNERCLASS android/view/View$OnClickListener android/view/View OnClickListener
  // access flags 0x19
  public final static INNERCLASS java/lang/invoke/MethodHandles$Lookup java/lang/invoke/MethodHandles Lookup

  // access flags 0x1
  public <init>()V
   L0
    LINENUMBER 18 L0
    ALOAD 0
    INVOKESPECIAL androidx/fragment/app/Fragment.<init> ()V
    RETURN
   L1
    LOCALVARIABLE this Lio/embrace/test/fixtures/VirtualMethodRefNamedOnClick; L0 L1 0
    MAXSTACK = 1
    MAXLOCALS = 1

  // access flags 0x2
  private onClick(Landroid/view/View;)V
    ALOAD 1
    INVOKESTATIC io/embrace/android/embracesdk/ViewSwazzledHooks$OnClickListener._preOnClick (Landroid/view/View;)V
   L0
    LINENUMBER 21 L0
    LDC "Embrace"
    LDC "test"
    INVOKESTATIC android/util/Log.d (Ljava/lang/String;Ljava/lang/String;)I
    POP
   L1
    LINENUMBER 22 L1
    RETURN
   L2
    LOCALVARIABLE this Lio/embrace/test/fixtures/VirtualMethodRefNamedOnClick; L0 L2 0
    LOCALVARIABLE lambdaView Landroid/view/View; L0 L2 1
    MAXSTACK = 2
    MAXLOCALS = 2

  // access flags 0x1
  public onCreateView(Landroid/view/LayoutInflater;Landroid/view/ViewGroup;Landroid/os/Bundle;)Landroid/view/View;
    // annotable parameter count: 3 (invisible)
    @Landroidx/annotation/NonNull;() // invisible, parameter 0
   L0
    LINENUMBER 26 L0
    ALOAD 0
    ALOAD 1
    ALOAD 2
    ALOAD 3
    INVOKESPECIAL androidx/fragment/app/Fragment.onCreateView (Landroid/view/LayoutInflater;Landroid/view/ViewGroup;Landroid/os/Bundle;)Landroid/view/View;
    ASTORE 4
   L1
    LINENUMBER 27 L1
    ALOAD 4
    INVOKESTATIC java/util/Objects.requireNonNull (Ljava/lang/Object;)Ljava/lang/Object;
    CHECKCAST android/view/View
    ALOAD 0
    INVOKEDYNAMIC onClick(Lio/embrace/test/fixtures/VirtualMethodRefNamedOnClick;)Landroid/view/View$OnClickListener; [
      // handle kind 0x6 : INVOKESTATIC
      java/lang/invoke/LambdaMetafactory.metafactory(Ljava/lang/invoke/MethodHandles$Lookup;Ljava/lang/String;Ljava/lang/invoke/MethodType;Ljava/lang/invoke/MethodType;Ljava/lang/invoke/MethodHandle;Ljava/lang/invoke/MethodType;)Ljava/lang/invoke/CallSite;
      // arguments:
      (Landroid/view/View;)V,
      // handle kind 0x7 : INVOKESPECIAL
      io/embrace/test/fixtures/VirtualMethodRefNamedOnClick.onClick(Landroid/view/View;)V,
      (Landroid/view/View;)V
    ]
    INVOKEVIRTUAL android/view/View.setOnClickListener (Landroid/view/View$OnClickListener;)V
   L2
    LINENUMBER 28 L2
    ALOAD 4
    ARETURN
   L3
    LOCALVARIABLE this Lio/embrace/test/fixtures/VirtualMethodRefNamedOnClick; L0 L3 0
    LOCALVARIABLE inflater Landroid/view/LayoutInflater; L0 L3 1
    LOCALVARIABLE container Landroid/view/ViewGroup; L0 L3 2
    LOCALVARIABLE savedInstanceState Landroid/os/Bundle; L0 L3 3
    LOCALVARIABLE view Landroid/view/View; L1 L3 4
    MAXSTACK = 4
    MAXLOCALS = 5
}
