<?xml version="1.0" encoding="utf-8"?>
<resources xmlns:tools="http://schemas.android.com/tools">
<!--This file is automatically generated by Embrace-->
    <string name="emb_rn_bundle_id">B3338A366B74EB89C112C8BB13C1B570</string>
</resources>
