{
  "app": "abcde",
  "token": "12345123451234512345123451234512",
  "variant": "demoDevelopmentRelease",
  "archs": {}
}