<?xml version="1.0" encoding="utf-8"?>
<resources xmlns:tools="http://schemas.android.com/tools">
<!--This file is automatically generated by Embrace-->
    <string name="emb_ndk_symbols">eyJzeW1ib2xzIjp7fX0=</string>
</resources>
